  Determining projects to restore...
D:\csharp\CDIMS\Insurance\Application\Application.csproj : warning NU1903: Package 'AutoMapper' 12.0.1 has a known high severity vulnerability, https://github.com/advisories/GHSA-rvv3-g6hj-g44x
D:\csharp\CDIMS\Insurance\Domain\Domain.csproj : warning NU1903: Package 'AutoMapper' 12.0.1 has a known high severity vulnerability, https://github.com/advisories/GHSA-rvv3-g6hj-g44x [D:\csharp\CDIMS\Insurance\Application\Application.csproj]
  All projects are up-to-date for restore.
D:\csharp\CDIMS\Insurance\Application\Application.csproj : warning NU1903: Package 'AutoMapper' 12.0.1 has a known high severity vulnerability, https://github.com/advisories/GHSA-rvv3-g6hj-g44x
D:\csharp\CDIMS\Insurance\Domain\Domain.csproj : warning NU1903: Package 'AutoMapper' 12.0.1 has a known high severity vulnerability, https://github.com/advisories/GHSA-rvv3-g6hj-g44x
  Domain -> D:\csharp\CDIMS\Insurance\Domain\bin\Debug\net8.0\Domain.dll
D:\csharp\CDIMS\Insurance\Application\Services\VerificationService.cs(4,7): warning CS0105: The using directive for 'Insurance.Domain.Entities' appeared previously in this namespace [D:\csharp\CDIMS\Insurance\Application\Application.csproj]
D:\csharp\CDIMS\Insurance\Application\DTOs\Admin\CreateClaimsOfficerDto.cs(21,22): warning CS8632: The annotation for nullable reference types should only be used in code within a '#nullable' annotations context. [D:\csharp\CDIMS\Insurance\Application\Application.csproj]
D:\csharp\CDIMS\Insurance\Application\DTOs\Admin\CreateClaimsOfficerDto.cs(24,22): warning CS8632: The annotation for nullable reference types should only be used in code within a '#nullable' annotations context. [D:\csharp\CDIMS\Insurance\Application\Application.csproj]
D:\csharp\CDIMS\Insurance\Application\DTOs\Agent\CreateAgentDto.cs(21,22): warning CS8632: The annotation for nullable reference types should only be used in code within a '#nullable' annotations context. [D:\csharp\CDIMS\Insurance\Application\Application.csproj]
D:\csharp\CDIMS\Insurance\Application\DTOs\Agent\CreateAgentDto.cs(24,22): warning CS8632: The annotation for nullable reference types should only be used in code within a '#nullable' annotations context. [D:\csharp\CDIMS\Insurance\Application\Application.csproj]
D:\csharp\CDIMS\Insurance\Application\Interfaces\IPolicyApplicationRepository.cs(12,31): warning CS8632: The annotation for nullable reference types should only be used in code within a '#nullable' annotations context. [D:\csharp\CDIMS\Insurance\Application\Application.csproj]
D:\csharp\CDIMS\Insurance\Application\Interfaces\IPolicyApplicationRepository.cs(13,31): warning CS8632: The annotation for nullable reference types should only be used in code within a '#nullable' annotations context. [D:\csharp\CDIMS\Insurance\Application\Application.csproj]
D:\csharp\CDIMS\Insurance\Application\Interfaces\IApplicationDocumentRepository.cs(10,33): warning CS8632: The annotation for nullable reference types should only be used in code within a '#nullable' annotations context. [D:\csharp\CDIMS\Insurance\Application\Application.csproj]
D:\csharp\CDIMS\Insurance\Application\Interfaces\IApplicationDocumentRepository.cs(11,33): warning CS8632: The annotation for nullable reference types should only be used in code within a '#nullable' annotations context. [D:\csharp\CDIMS\Insurance\Application\Application.csproj]
D:\csharp\CDIMS\Insurance\Application\Interfaces\IUserRepository.cs(13,18): warning CS8632: The annotation for nullable reference types should only be used in code within a '#nullable' annotations context. [D:\csharp\CDIMS\Insurance\Application\Application.csproj]
D:\csharp\CDIMS\Insurance\Application\Interfaces\IUserRepository.cs(14,18): warning CS8632: The annotation for nullable reference types should only be used in code within a '#nullable' annotations context. [D:\csharp\CDIMS\Insurance\Application\Application.csproj]
D:\csharp\CDIMS\Insurance\Application\Interfaces\IPaymentRepository.cs(10,21): warning CS8632: The annotation for nullable reference types should only be used in code within a '#nullable' annotations context. [D:\csharp\CDIMS\Insurance\Application\Application.csproj]
D:\csharp\CDIMS\Insurance\Application\Interfaces\IDocumentService.cs(47,36): warning CS8632: The annotation for nullable reference types should only be used in code within a '#nullable' annotations context. [D:\csharp\CDIMS\Insurance\Application\Application.csproj]
D:\csharp\CDIMS\Insurance\Application\Interfaces\IPolicyProductRepository.cs(14,27): warning CS8632: The annotation for nullable reference types should only be used in code within a '#nullable' annotations context. [D:\csharp\CDIMS\Insurance\Application\Application.csproj]
D:\csharp\CDIMS\Insurance\Application\Services\VerificationService.cs(74,65): error CS0019: Operator '==' cannot be applied to operands of type 'PolicyStatus' and 'string' [D:\csharp\CDIMS\Insurance\Application\Application.csproj]
D:\csharp\CDIMS\Insurance\Application\Services\ChatService.cs(178,27): warning CS8632: The annotation for nullable reference types should only be used in code within a '#nullable' annotations context. [D:\csharp\CDIMS\Insurance\Application\Application.csproj]

Build FAILED.

D:\csharp\CDIMS\Insurance\Application\Application.csproj : warning NU1903: Package 'AutoMapper' 12.0.1 has a known high severity vulnerability, https://github.com/advisories/GHSA-rvv3-g6hj-g44x
D:\csharp\CDIMS\Insurance\Domain\Domain.csproj : warning NU1903: Package 'AutoMapper' 12.0.1 has a known high severity vulnerability, https://github.com/advisories/GHSA-rvv3-g6hj-g44x [D:\csharp\CDIMS\Insurance\Application\Application.csproj]
D:\csharp\CDIMS\Insurance\Application\Application.csproj : warning NU1903: Package 'AutoMapper' 12.0.1 has a known high severity vulnerability, https://github.com/advisories/GHSA-rvv3-g6hj-g44x
D:\csharp\CDIMS\Insurance\Domain\Domain.csproj : warning NU1903: Package 'AutoMapper' 12.0.1 has a known high severity vulnerability, https://github.com/advisories/GHSA-rvv3-g6hj-g44x
D:\csharp\CDIMS\Insurance\Application\Services\VerificationService.cs(4,7): warning CS0105: The using directive for 'Insurance.Domain.Entities' appeared previously in this namespace [D:\csharp\CDIMS\Insurance\Application\Application.csproj]
D:\csharp\CDIMS\Insurance\Application\DTOs\Admin\CreateClaimsOfficerDto.cs(21,22): warning CS8632: The annotation for nullable reference types should only be used in code within a '#nullable' annotations context. [D:\csharp\CDIMS\Insurance\Application\Application.csproj]
D:\csharp\CDIMS\Insurance\Application\DTOs\Admin\CreateClaimsOfficerDto.cs(24,22): warning CS8632: The annotation for nullable reference types should only be used in code within a '#nullable' annotations context. [D:\csharp\CDIMS\Insurance\Application\Application.csproj]
D:\csharp\CDIMS\Insurance\Application\DTOs\Agent\CreateAgentDto.cs(21,22): warning CS8632: The annotation for nullable reference types should only be used in code within a '#nullable' annotations context. [D:\csharp\CDIMS\Insurance\Application\Application.csproj]
D:\csharp\CDIMS\Insurance\Application\DTOs\Agent\CreateAgentDto.cs(24,22): warning CS8632: The annotation for nullable reference types should only be used in code within a '#nullable' annotations context. [D:\csharp\CDIMS\Insurance\Application\Application.csproj]
D:\csharp\CDIMS\Insurance\Application\Interfaces\IPolicyApplicationRepository.cs(12,31): warning CS8632: The annotation for nullable reference types should only be used in code within a '#nullable' annotations context. [D:\csharp\CDIMS\Insurance\Application\Application.csproj]
D:\csharp\CDIMS\Insurance\Application\Interfaces\IPolicyApplicationRepository.cs(13,31): warning CS8632: The annotation for nullable reference types should only be used in code within a '#nullable' annotations context. [D:\csharp\CDIMS\Insurance\Application\Application.csproj]
D:\csharp\CDIMS\Insurance\Application\Interfaces\IApplicationDocumentRepository.cs(10,33): warning CS8632: The annotation for nullable reference types should only be used in code within a '#nullable' annotations context. [D:\csharp\CDIMS\Insurance\Application\Application.csproj]
D:\csharp\CDIMS\Insurance\Application\Interfaces\IApplicationDocumentRepository.cs(11,33): warning CS8632: The annotation for nullable reference types should only be used in code within a '#nullable' annotations context. [D:\csharp\CDIMS\Insurance\Application\Application.csproj]
D:\csharp\CDIMS\Insurance\Application\Interfaces\IUserRepository.cs(13,18): warning CS8632: The annotation for nullable reference types should only be used in code within a '#nullable' annotations context. [D:\csharp\CDIMS\Insurance\Application\Application.csproj]
D:\csharp\CDIMS\Insurance\Application\Interfaces\IUserRepository.cs(14,18): warning CS8632: The annotation for nullable reference types should only be used in code within a '#nullable' annotations context. [D:\csharp\CDIMS\Insurance\Application\Application.csproj]
D:\csharp\CDIMS\Insurance\Application\Interfaces\IPaymentRepository.cs(10,21): warning CS8632: The annotation for nullable reference types should only be used in code within a '#nullable' annotations context. [D:\csharp\CDIMS\Insurance\Application\Application.csproj]
D:\csharp\CDIMS\Insurance\Application\Interfaces\IDocumentService.cs(47,36): warning CS8632: The annotation for nullable reference types should only be used in code within a '#nullable' annotations context. [D:\csharp\CDIMS\Insurance\Application\Application.csproj]
D:\csharp\CDIMS\Insurance\Application\Interfaces\IPolicyProductRepository.cs(14,27): warning CS8632: The annotation for nullable reference types should only be used in code within a '#nullable' annotations context. [D:\csharp\CDIMS\Insurance\Application\Application.csproj]
D:\csharp\CDIMS\Insurance\Application\Services\ChatService.cs(178,27): warning CS8632: The annotation for nullable reference types should only be used in code within a '#nullable' annotations context. [D:\csharp\CDIMS\Insurance\Application\Application.csproj]
D:\csharp\CDIMS\Insurance\Application\Services\VerificationService.cs(74,65): error CS0019: Operator '==' cannot be applied to operands of type 'PolicyStatus' and 'string' [D:\csharp\CDIMS\Insurance\Application\Application.csproj]
    19 Warning(s)
    1 Error(s)

Time Elapsed 00:00:01.70

Workload updates are available. Run `dotnet workload list` for more information.
